[www.tickerautomotive.com/index.html]
[backblue.gif]
[fade.gif]
[index.html]
[www.tickerautomotive.com/f30f4.txt]
[zenogrecdn.kukui.com/libs/the-datepicker/0.7.1/the-datepicker.js]
[cdnjs.cloudflare.com/ajax/libs/timepicker/1.3.5/jquery.timepicker.min.css]
[zenogrecdn.kukui.com/libs/swiper/6.4.1/swiper-bundle.min.js]
[static.cdn-website.com/libs/jquery/2.2.4/jquery.min.js]
[static.cdn-website.com/mnlt/production/5014/_dm/s/rt/dist/scripts/d-js-one-runtime-unified-desktop.min.js]
[www.tickerautomotive.com/about-us.html]
[www.tickerautomotive.com/specials.html]
[www.tickerautomotive.com/reviews.html]
[www.tickerautomotive.com/leave-a-review.html]
[www.tickerautomotive.com/contact-us.html]
[www.tickerautomotive.com/directions.html]
[www.tickerautomotive.com/appointments.html]
[www.tickerautomotive.com/services.html]
[www.tickerautomotive.com/vehicles.html]
[www.tickerautomotive.com/tires.html]
[www.tickerautomotive.com/careers.html]
[lirp.cdn-website.com/fd5deb14/dms3rep/multi/opt/logo-49671cad-1920w.png]
[lirp.cdn-website.com/fd5deb14/dms3rep/multi/opt/logo-49671cad-393w.png]
[lirp.cdn-website.com/fd5deb14/dms3rep/multi/opt/GRAY-892h.png]
[lirp.cdn-website.com/fd5deb14/dms3rep/multi/opt/napa-324w.png]
[lirp.cdn-website.com/fd5deb14/dms3rep/multi/opt/ASE-180w.png]
[lirp.cdn-website.com/fd5deb14/dms3rep/multi/opt/wel-img-702w.png]
[www.tickerautomotive.com/oil-change.html]
[www.tickerautomotive.com/automotive-ac-service-and-repair.html]
[www.tickerautomotive.com/wheel-alignment.html]
[lirp.cdn-website.com/fd5deb14/dms3rep/multi/opt/GRAY-898h.png]
[lirp.cdn-website.com/fd5deb14/dms3rep/multi/opt/customer-review-715h.png]
[zenogrecdn.kukui.com/libs/swiper/6.4.1/swiper-bundle.min.css]
[lirp.cdn-website.com/fd5deb14/dms3rep/multi/opt/GRAY-853h.png]
[lirp.cdn-website.com/fd5deb14/dms3rep/multi/opt/towing-655h.png]
[www.tickerautomotive.com/waiting-room.23.delayed]
[www.tickerautomotive.com/after-hours.24.delayed]
[www.tickerautomotive.com/dining.25.delayed]
[www.tickerautomotive.com/hotel.26.delayed]
[www.tickerautomotive.com/water.27.delayed]
[www.tickerautomotive.com/tv.28.delayed]
[www.tickerautomotive.com/play-area.29.delayed]
[lirp.cdn-website.com/fd5deb14/dms3rep/multi/opt/cars-1440w.png]
[zenogrecdn.kukui.com/libs/the-datepicker/0.7.1/the-datepicker.css]
[lirp.cdn-website.com/fd5deb14/dms3rep/multi/opt/logo-49671cad-332w.png]
[www.tickerautomotive.com/image-credits.html]
[static.cdn-website.com/mnlt/production/5014/_dm/s/rt/dist/css/d-css-runtime-desktop-one-package-structured-global.min.css]
[irp.cdn-website.com/WIDGET_CSS/81e07f46b21c33085b9103a124ebb189.css]
[irp.cdn-website.com/fd5deb14/files/fd5deb14_withFlex_1.min8d0c.css]
[d32hwlnfiv2gyn.cloudfront.net/sp-2.0.0-dm-0.1.min.js]
[irp.cdn-website.com/fd5deb14/files/fd5deb14_home_withFlex_1.min8d0c.css]
[zapi.kukui.com/ldschemad7f7.js]
[www.tickerautomotive.com/index.html]
[cdnjs.cloudflare.com/ajax/libs/timepicker/1.3.5/jquery.timepicker.min.css]
[app.multiscreenstore.com/script.html]
[static.cdn-website.com/mnlt/production/5007/_dm/s/rt/dist/css/d-css-runtime-desktop-one-package-structured-global.min.css]
[irp.cdn-website.com/WIDGET_CSS/8c4c4675b970aabf2671d30a49c8b048.css]
[irp.cdn-website.com/fd5deb14/files/fd5deb14_1.min8d0c.css]
[static.cdn-website.com/mnlt/production/5007/_dm/s/rt/dist/scripts/d-js-one-runtime-unified-desktop.min.js]
[lirp.cdn-website.com/fd5deb14/dms3rep/multi/opt/slide_logo_1-1920w.png]
[www.tickerautomotive.com/about-us.html]
[www.tickerautomotive.com/specials.html]
[irp.cdn-website.com/WIDGET_CSS/839e6fd39e2536b0371ffcfa8a95beb2.css]
[static.cdn-website.com/mnlt/production/4999/_dm/s/rt/dist/css/d-css-runtime-desktop-one-package-structured-global.min.css]
[irp.cdn-website.com/WIDGET_CSS/9fbe4446f6524d3327580fcde21c03a6.css]
[www.tickerautomotive.com/reviews.html]
[static.cdn-website.com/mnlt/production/4999/_dm/s/rt/dist/scripts/d-js-one-runtime-unified-desktop.min.js]
[static.cdn-website.com/mnlt/production/5003/_dm/s/rt/dist/css/d-css-runtime-desktop-one-package-structured-global.min.css]
[irp.cdn-website.com/WIDGET_CSS/5fc97bdc90ecc6b713542140570eb4ec.css]
[www.tickerautomotive.com/leave-a-review.html]
[static.cdn-website.com/mnlt/production/5003/_dm/s/rt/dist/scripts/d-js-one-runtime-unified-desktop.min.js]
[static.cdn-website.com/mnlt/production/5036/_dm/s/rt/dist/css/d-css-runtime-desktop-one-package-structured-global.min.css]
[irp.cdn-website.com/WIDGET_CSS/a4b3ff3ba866607412a227d0ccc2ce7e.css]
[www.tickerautomotive.com/contact-us.html]
[static.cdn-website.com/mnlt/production/5036/_dm/s/rt/dist/scripts/d-js-one-runtime-unified-desktop.min.js]
[static.cdn-website.com/mnlt/production/5030/_dm/s/rt/dist/css/d-css-runtime-desktop-one-package-structured-global.min.css]
[irp.cdn-website.com/WIDGET_CSS/8bfaa9c4799443d3f49097de0f9f5881.css]
[www.tickerautomotive.com/directions.html]
[static.cdn-website.com/mnlt/production/5030/_dm/s/rt/dist/scripts/d-js-one-runtime-unified-desktop.min.js]
[www.tickerautomotive.com/appointments.html]
[irp.cdn-website.com/WIDGET_CSS/7b1b874c6ec7ef8d29c1c22d04fbfe4b.css]
[www.tickerautomotive.com/services.html]
[irp.cdn-website.com/WIDGET_CSS/fc14862e7a466cedfa88dd8646cfa07a.css]
[www.tickerautomotive.com/vehicles.html]
[www.tickerautomotive.com/tires.html]
[irp.cdn-website.com/WIDGET_CSS/5c9221500f22a0ef42f2a2e8d58bcce7.css]
[www.tickerautomotive.com/careers.html]
[irp.cdn-website.com/WIDGET_CSS/371c1f26e4cb2d8d37e413d36547f001.css]
[irp.cdn-website.com/WIDGET_CSS/a8bee7373165a61e71bccb686362a18d.css]
[lirp.cdn-website.com/726ae580/dms3rep/multi/opt/bg-services-2880w.jpg]
[www.tickerautomotive.com/oil-change.html]
[static.cdn-website.com/mnlt/production/5034/_dm/s/rt/dist/css/d-css-runtime-desktop-one-package-structured-global.min.css]
[www.tickerautomotive.com/automotive-ac-service-and-repair.html]
[www.tickerautomotive.com/wheel-alignment.html]
[zenogrecdn.kukui.com/libs/swiper/6.4.1/swiper-bundle.min.css]
[www.tickerautomotive.com/waiting-room.html]
[www.tickerautomotive.com/after-hours.html]
[www.tickerautomotive.com/dining.html]
[www.tickerautomotive.com/hotel.html]
[www.tickerautomotive.com/water.html]
[www.tickerautomotive.com/tv.html]
[www.tickerautomotive.com/play-area.html]
[zenogrecdn.kukui.com/libs/the-datepicker/0.7.1/the-datepicker.css]
[static.cdn-website.com/mnlt/production/5034/_dm/s/rt/dist/scripts/d-js-one-runtime-unified-desktop.min.js]
[www.tickerautomotive.com/image-credits.html]
[static.cdn-website.com/mnlt/production/5014/_dm/s/rt/dist/css/d-css-runtime-desktop-one-package-structured-global.min.css]
[irp.cdn-website.com/WIDGET_CSS/efe8aad3e0b2e96752a4124bd01f1308.css]
[zenogrecdn.kukui.com/files/settings.png]
[irp.cdn-website.com/WIDGET_CSS/81e07f46b21c33085b9103a124ebb189.css]
[dp-cdn.multiscreensite.com/bfsImages/sunset-hair.jpg]
[irp.cdn-website.com/fd5deb14/files/fd5deb14_withFlex_1.min8d0c.css]
[lirp.cdn-website.com/fd5deb14/dms3rep/multi/opt/service-bg-1920w.png]
[irp.cdn-website.com/fd5deb14/files/fd5deb14_home_withFlex_1.min8d0c.css]
[www.tickerautomotive.com/path=.57.delayed]
[www.tickerautomotive.com/path=/index.html]
[zapi.kukui.com/_WebBuilderAssets/Secured/GlobalSettings/style.html]
[zapi.kukui.com/_WebBuilderAssets/Secured/GlobalSettings/popup.html]
[static.cdn-website.com/mnlt/production/5007/_dm/s/rt/dist/css/d-css-runtime-desktop-one-package-structured-global.min.css]
[irp.cdn-website.com/WIDGET_CSS/8c4c4675b970aabf2671d30a49c8b048.css]
[irp.cdn-website.com/fd5deb14/files/fd5deb14_1.min8d0c.css]
[irp.cdn-website.com/WIDGET_CSS/839e6fd39e2536b0371ffcfa8a95beb2.css]
[static.cdn-website.com/mnlt/production/4999/_dm/s/rt/dist/css/d-css-runtime-desktop-one-package-structured-global.min.css]
[irp.cdn-website.com/WIDGET_CSS/9fbe4446f6524d3327580fcde21c03a6.css]
[static.cdn-website.com/mnlt/production/5003/_dm/s/rt/dist/css/d-css-runtime-desktop-one-package-structured-global.min.css]
[irp.cdn-website.com/WIDGET_CSS/5fc97bdc90ecc6b713542140570eb4ec.css]
[static.cdn-website.com/mnlt/production/5036/_dm/s/rt/dist/css/d-css-runtime-desktop-one-package-structured-global.min.css]
[irp.cdn-website.com/WIDGET_CSS/a4b3ff3ba866607412a227d0ccc2ce7e.css]
[static.cdn-website.com/mnlt/production/5030/_dm/s/rt/dist/css/d-css-runtime-desktop-one-package-structured-global.min.css]
[irp.cdn-website.com/WIDGET_CSS/8bfaa9c4799443d3f49097de0f9f5881.css]
[irp.cdn-website.com/WIDGET_CSS/7b1b874c6ec7ef8d29c1c22d04fbfe4b.css]
[irp.cdn-website.com/WIDGET_CSS/fc14862e7a466cedfa88dd8646cfa07a.css]
[irp.cdn-website.com/WIDGET_CSS/5c9221500f22a0ef42f2a2e8d58bcce7.css]
[irp.cdn-website.com/WIDGET_CSS/371c1f26e4cb2d8d37e413d36547f001.css]
[irp.cdn-website.com/WIDGET_CSS/a8bee7373165a61e71bccb686362a18d.css]
[static.cdn-website.com/mnlt/production/5034/_dm/s/rt/dist/css/d-css-runtime-desktop-one-package-structured-global.min.css]
[irp.cdn-website.com/WIDGET_CSS/efe8aad3e0b2e96752a4124bd01f1308.css]
[www.tickerautomotive.com/path=.html]
[irp.cdn-website.com/editor/nee/images/common/2ColumnsArrows.png]
[irp.cdn-website.com/editor/nee/images/common/bluePic.png]
